// Jest Snapshot v1, https://goo.gl/fbAQLP

exports[`Matches snapshot 1`] = `
<DocumentFragment>
  <div
    class="JobCard"
  >
    <div
      class="card"
    >
      <div
        class="card-body"
      >
        <h5
          class="card-title"
        >
          Test title
        </h5>
        <p
          class="text-muted"
        >
          Test Company
        </p>
        <div>
          <small>
            Salary: 100000
          </small>
        </div>
        <div>
          <small>
            Equity: 0
          </small>
        </div>
        <button
          class="float-end btn btn-danger"
          type="button"
        >
          <span>
            Apply
          </span>
        </button>
      </div>
    </div>
  </div>
</DocumentFragment>
`;
